// Jest Snapshot v1, https://goo.gl/fbAQLP

exports[`helpContainer Should render correctly 1`] = `
<section
  id="main"
>
  <div
    className="textContainer"
  >
    <div
      className="contentsTable"
    >
      <b
        id="tableTitle"
      >
        Help Directory
      </b>
      <ul>
        <li>
          <a
            href="#q1"
          >
            Question 1
          </a>
        </li>
      </ul>
    </div>
    <br />
    <div
      className="helpSet"
      id="h1"
    >
      <a
        id="q1"
      >
        Question
      </a>
      <p
        className="helpContent"
        id="a1"
      >
        Answer
      </p>
    </div>
  </div>
</section>
`;
