// Jest Snapshot v1, https://goo.gl/fbAQLP

exports[`CourseInput Should render correctly 1`] = `
<div
  className="classSelect"
>
  <InputPredict
    autocomplete="off"
    dictionary={null}
    name="subject"
    onKeyDown={[Function]}
    onKeyUp={[Function]}
    onValueChange={[Function]}
    placeholder="Course Subject"
    type="text"
  />
  <InputPredict
    autocomplete="off"
    dictionary={null}
    name="number"
    onKeyDown={[Function]}
    onKeyUp={[Function]}
    onValueChange={[Function]}
    pattern="[0-9]*"
    placeholder="Course Number"
    type="text"
  />
</div>
`;

exports[`InputContainer Should render correctly 1`] = `
<div>
  <form
    id="main"
  >
    <TermInput />
    <div
      id="classGroup"
    >
      <CourseInput
        courses={
          Object {
            "numberMap": Object {},
            "subjectMap": Object {},
          }
        }
        id={0}
        idx={0}
        key="course-0"
        onChange={[Function]}
        references={Object {}}
      />
      <CourseInput
        courses={
          Object {
            "numberMap": Object {},
            "subjectMap": Object {},
          }
        }
        id={1}
        idx={2}
        key="course-1"
        onChange={[Function]}
        references={Object {}}
      />
      <CourseInput
        courses={
          Object {
            "numberMap": Object {},
            "subjectMap": Object {},
          }
        }
        id={2}
        idx={4}
        key="course-2"
        onChange={[Function]}
        references={Object {}}
      />
      <CourseInput
        courses={
          Object {
            "numberMap": Object {},
            "subjectMap": Object {},
          }
        }
        id={3}
        idx={6}
        key="course-3"
        onChange={[Function]}
        references={Object {}}
      />
      <CourseInput
        courses={
          Object {
            "numberMap": Object {},
            "subjectMap": Object {},
          }
        }
        id={4}
        idx={8}
        key="course-4"
        onChange={[Function]}
        references={Object {}}
      />
    </div>
  </form>
  <div
    className="bottom"
  >
    <Link
      replace={false}
      to="/schedules"
    >
      <button
        form="main"
        onClick={[Function]}
      >
        Submit
      </button>
    </Link>
    <Link
      replace={false}
      to="/availability"
    >
      <button
        form="main"
      >
        Availability
      </button>
    </Link>
  </div>
</div>
`;

exports[`TermInput Should render correctly 1`] = `
<div
  id="greetingText"
>
  Select your courses for
  <input
    defaultValue="Fall 2019"
    disabled={true}
    id="termSelect"
    type="text"
  />
</div>
`;

exports[`TopNavigation Should render correctly 1`] = `
<section
  className="topNav"
>
  <div
    id="leftNav"
  >
    <a>
      UP Scheduler
    </a>
  </div>
  <div
    id="rightNav"
  >
    <Popup
      arrow={true}
      arrowStyle={Object {}}
      className=""
      closeOnDocumentClick={true}
      closeOnEscape={true}
      contentStyle={Object {}}
      defaultOpen={false}
      disabled={false}
      keepTooltipInside={false}
      lockScroll={false}
      modal={true}
      mouseEnterDelay={100}
      mouseLeaveDelay={100}
      offsetX={0}
      offsetY={0}
      on={
        Array [
          "click",
        ]
      }
      onClose={[Function]}
      onOpen={[Function]}
      open={false}
      overlayStyle={Object {}}
      position="bottom center"
      repositionOnResize={true}
      trigger={
        <button
          className="navEl"
          id="modal-1"
        >
           Help 
        </button>
      }
    >
      <div>
        <div
          className="header"
        >
          Help
          <hr />
        </div>
        <span>
          <ul
            align="left"
          >
            <b>
              Availability Page
            </b>
            <br />
            Enter times you are unavailable, or professors you would like to avoid. Schedules matching these fields will not be generated
            <br />
            <br />
            <b>
              Schedule Page
            </b>
            <br />
            View, name, and save your generated schedule
          </ul>
        </span>
      </div>
    </Popup>
    <Popup
      arrow={true}
      arrowStyle={Object {}}
      className=""
      closeOnDocumentClick={true}
      closeOnEscape={true}
      contentStyle={Object {}}
      defaultOpen={false}
      disabled={false}
      keepTooltipInside={false}
      lockScroll={false}
      modal={true}
      mouseEnterDelay={100}
      mouseLeaveDelay={100}
      offsetX={0}
      offsetY={0}
      on={
        Array [
          "click",
        ]
      }
      onClose={[Function]}
      onOpen={[Function]}
      open={false}
      overlayStyle={Object {}}
      position="bottom center"
      repositionOnResize={true}
      trigger={
        <button
          className="navEl"
          id="modal-2"
        >
           About 
        </button>
      }
    >
      <div>
        <div
          className="header"
        >
          About
          <hr />
        </div>
        <ul
          align="left"
        >
          UPSchedule is a convenient schedule planner created by students, for students.
        </ul>
      </div>
    </Popup>
  </div>
</section>
`;
