// Jest Snapshot v1, https://goo.gl/fbAQLP

exports[`InputContainer Should render correctly 1`] = `
<form
  id="main"
  onSubmit={[Function]}
>
  <TermInput />
  <div
    id="classGroup"
  >
    <CourseInput
      key="course-0"
    />
    <CourseInput
      key="course-1"
    />
    <CourseInput
      key="course-2"
    />
  </div>
  <Link
    replace={false}
    to="/schedules"
  >
    <button
      form="main"
      type="submit"
    >
      Submit
    </button>
  </Link>
  <Link
    replace={false}
    to="/availability"
  >
    <button
      form="main"
      type="submit"
    >
      Availability
    </button>
  </Link>
  <button
    form="main"
    type="submit"
  />
</form>
`;

exports[`TopNavigation Should render correctly 1`] = `
<section
  className="topNav"
>
  <a
    id="leftNav"
  >
    UP Scheduler
  </a>
  <Link
    id="rightNav"
    replace={false}
    to="/settings"
  >
    Settings
  </Link>
</section>
`;
