// Jest Snapshot v1, https://goo.gl/fbAQLP

exports[`AvailabilityContainer Should render correctly 1`] = `
<section
  id="main"
>
  <button
    onClick={[Function]}
  >
    About
  </button>
  <Link
    replace={false}
    to="/"
  >
    <button
      id="quit"
      type="button"
    >
      Quit
    </button>
  </Link>
</section>
`;
